2026-08-24T18:52:35.467Z  === campanha: 5 repeticoes por celula, semente 42 ===
2026-08-24T18:52:35.489Z    monolito/normal              tem 0, faltam 5
2026-08-24T18:52:35.490Z    monolito/dia-corrido         tem 0, faltam 5
2026-08-24T18:52:35.492Z    monolito/emergencia          tem 0, faltam 5
2026-08-24T18:52:35.494Z    microsservicos/normal        tem 1, faltam 4
2026-08-24T18:52:35.496Z    microsservicos/dia-corrido   tem 0, faltam 5
2026-08-24T18:52:35.499Z    microsservicos/emergencia    tem 0, faltam 5
2026-08-24T18:52:35.502Z  29 rodadas pendentes — estimativa ~122 min (~2.0h)
2026-08-24T18:52:35.504Z  ordem sorteada: MONO3 MS2 MONO1 MONO2 MONO1 MS1 MS2 MONO3 MONO3 MS3 MONO1 MS2 MONO2 MONO2 MONO1 MS2 MS3 MS1 MS3 MONO2 MS1 MONO3 MONO2 MS3 MONO1 MS3 MS2 MONO3 MS1
2026-08-24T18:52:35.505Z  --dry-run: parando aqui, nada foi executado.
2026-08-24T18:52:42.850Z  === campanha: 5 repeticoes por celula, semente 42 ===
2026-08-24T18:52:42.853Z    monolito/normal              tem 0, faltam 5
2026-08-24T18:52:42.853Z    monolito/dia-corrido         tem 0, faltam 5
2026-08-24T18:52:42.855Z    monolito/emergencia          tem 0, faltam 5
2026-08-24T18:52:42.856Z    microsservicos/normal        tem 1, faltam 4
2026-08-24T18:52:42.856Z    microsservicos/dia-corrido   tem 0, faltam 5
2026-08-24T18:52:42.857Z    microsservicos/emergencia    tem 0, faltam 5
2026-08-24T18:52:42.858Z  29 rodadas pendentes — estimativa ~122 min (~2.0h)
2026-08-24T18:52:42.859Z  ordem sorteada: MONO3 MS2 MONO1 MONO2 MONO1 MS1 MS2 MONO3 MONO3 MS3 MONO1 MS2 MONO2 MONO2 MONO1 MS2 MS3 MS1 MS3 MONO2 MS1 MONO3 MONO2 MS3 MONO1 MS3 MS2 MONO3 MS1
2026-08-24T18:52:42.860Z  [1/29] monolito/emergencia — iniciando (reset + k6)
2026-08-24T18:52:47.402Z  [1/29] monolito/emergencia — banco zerado (0 -> 0 linhas)
2026-08-24T18:56:28.628Z  [1/29] monolito/emergencia — OK  exit=99  samples=5863  avg=6529.87ms  p95=28219.66ms  rps=27.37
2026-08-24T18:56:38.640Z  [2/29] microsservicos/dia-corrido — iniciando (reset + k6)
2026-08-24T18:56:41.760Z  [2/29] microsservicos/dia-corrido — banco zerado (3909 -> 0 linhas)
2026-08-24T19:00:12.844Z  [2/29] microsservicos/dia-corrido — OK  exit=99  samples=4584  avg=4505.73ms  p95=15669.06ms  rps=22.22
2026-08-24T19:00:22.856Z  [3/29] monolito/normal — iniciando (reset + k6)
2026-08-24T19:00:25.164Z  [3/29] monolito/normal — banco zerado (6073 -> 0 linhas)
2026-08-24T19:03:35.616Z  [3/29] monolito/normal — OK  exit=99  samples=5648  avg=381.92ms  p95=1846.69ms  rps=30.49
2026-08-24T19:03:45.623Z  [4/29] monolito/dia-corrido — iniciando (reset + k6)
2026-08-24T19:03:47.963Z  [4/29] monolito/dia-corrido — banco zerado (5815 -> 0 linhas)
2026-08-24T19:07:13.427Z  [4/29] monolito/dia-corrido — OK  exit=99  samples=6781  avg=2668.93ms  p95=11201.62ms  rps=33.74
2026-08-24T19:07:23.431Z  [5/29] monolito/normal — iniciando (reset + k6)
2026-08-24T19:07:25.937Z  [5/29] monolito/normal — banco zerado (6908 -> 0 linhas)
2026-08-24T19:10:41.364Z  [5/29] monolito/normal — OK  exit=99  samples=5618  avg=384.32ms  p95=1778.17ms  rps=30.12
2026-08-24T19:10:51.368Z  [6/29] microsservicos/normal — iniciando (reset + k6)
2026-08-24T19:10:53.719Z  [6/29] microsservicos/normal — banco zerado (3761 -> 0 linhas)
2026-08-24T19:14:04.202Z  [6/29] microsservicos/normal — OK  exit=99  samples=4843  avg=626.35ms  p95=2952.49ms  rps=26.2
2026-08-24T19:14:14.218Z  [7/29] microsservicos/dia-corrido — iniciando (reset + k6)
2026-08-24T19:14:16.662Z  [7/29] microsservicos/dia-corrido — banco zerado (3988 -> 0 linhas)
2026-08-24T19:17:42.214Z  [7/29] microsservicos/dia-corrido — OK  exit=99  samples=5802  avg=3323.12ms  p95=12875.71ms  rps=28.77
2026-08-24T19:17:52.220Z  [8/29] monolito/emergencia — iniciando (reset + k6)
2026-08-24T19:17:54.512Z  [8/29] monolito/emergencia — banco zerado (5804 -> 0 linhas)
2026-08-24T19:21:30.060Z  [8/29] monolito/emergencia — OK  exit=99  samples=7243  avg=5365.03ms  p95=23327.62ms  rps=34.31
2026-08-24T19:21:40.061Z  [9/29] monolito/emergencia — iniciando (reset + k6)
2026-08-24T19:21:43.011Z  [9/29] monolito/emergencia — banco zerado (7403 -> 0 linhas)
2026-08-24T19:25:13.511Z  [9/29] monolito/emergencia — OK  exit=99  samples=7722  avg=4966.72ms  p95=19621ms  rps=37.7
2026-08-24T19:25:23.514Z  [10/29] microsservicos/emergencia — iniciando (reset + k6)
2026-08-24T19:25:25.622Z  [10/29] microsservicos/emergencia — banco zerado (4744 -> 0 linhas)
2026-08-24T19:29:06.209Z  [10/29] microsservicos/emergencia — OK  exit=99  samples=6710  avg=5671.84ms  p95=24074.5ms  rps=31.78
2026-08-24T19:29:16.220Z  [11/29] monolito/normal — iniciando (reset + k6)
2026-08-24T19:29:18.366Z  [11/29] monolito/normal — banco zerado (7876 -> 0 linhas)
2026-08-24T19:32:28.828Z  [11/29] monolito/normal — OK  exit=99  samples=5723  avg=360.43ms  p95=1789.83ms  rps=30.99
2026-08-24T19:32:38.845Z  [12/29] microsservicos/dia-corrido — iniciando (reset + k6)
2026-08-24T19:32:41.179Z  [12/29] microsservicos/dia-corrido — banco zerado (5498 -> 0 linhas)
2026-08-24T19:36:11.706Z  [12/29] microsservicos/dia-corrido — OK  exit=99  samples=6210  avg=3052ms  p95=13702.11ms  rps=30.25
2026-08-24T19:36:21.718Z  [13/29] monolito/dia-corrido — iniciando (reset + k6)
2026-08-24T19:36:23.979Z  [13/29] monolito/dia-corrido — banco zerado (5875 -> 0 linhas)
2026-08-24T19:39:49.516Z  [13/29] monolito/dia-corrido — OK  exit=99  samples=7058  avg=2480.74ms  p95=10983.38ms  rps=35.68
2026-08-24T19:39:59.526Z  [14/29] monolito/dia-corrido — iniciando (reset + k6)
2026-08-24T19:40:01.718Z  [14/29] monolito/dia-corrido — banco zerado (7211 -> 0 linhas)
2026-08-24T19:43:17.205Z  [14/29] monolito/dia-corrido — OK  exit=99  samples=6583  avg=2701.66ms  p95=10823.25ms  rps=34.4
2026-08-24T19:43:27.207Z  [15/29] monolito/normal — iniciando (reset + k6)
2026-08-24T19:43:29.342Z  [15/29] monolito/normal — banco zerado (6719 -> 0 linhas)
2026-08-24T19:46:39.900Z  [15/29] monolito/normal — OK  exit=99  samples=5763  avg=344.51ms  p95=1572.7ms  rps=31.61
2026-08-24T19:46:49.901Z  [16/29] microsservicos/dia-corrido — iniciando (reset + k6)
2026-08-24T19:46:51.961Z  [16/29] microsservicos/dia-corrido — banco zerado (5071 -> 0 linhas)
2026-08-24T19:50:17.450Z  [16/29] microsservicos/dia-corrido — OK  exit=99  samples=6406  avg=2900.11ms  p95=12131.02ms  rps=31.58
2026-08-24T19:50:27.459Z  [17/29] microsservicos/emergencia — iniciando (reset + k6)
2026-08-24T19:50:29.638Z  [17/29] microsservicos/emergencia — banco zerado (5229 -> 0 linhas)
2026-08-24T19:54:05.108Z  [17/29] microsservicos/emergencia — OK  exit=99  samples=6328  avg=6245.46ms  p95=23551.9ms  rps=30.12
2026-08-24T19:54:15.111Z  [18/29] microsservicos/normal — iniciando (reset + k6)
2026-08-24T19:54:17.515Z  [18/29] microsservicos/normal — banco zerado (5168 -> 0 linhas)
2026-08-24T19:57:27.885Z  [18/29] microsservicos/normal — OK  exit=99  samples=5378  avg=455.21ms  p95=2440.52ms  rps=29.1
2026-08-24T19:57:37.901Z  [19/29] microsservicos/emergencia — iniciando (reset + k6)
2026-08-24T19:57:40.137Z  [19/29] microsservicos/emergencia — banco zerado (4431 -> 0 linhas)
2026-08-25T11:48:44.796Z  === campanha: 5 repeticoes por celula, semente 42 ===
2026-08-25T11:48:44.798Z    monolito/normal              tem 4, faltam 1
2026-08-25T11:48:44.799Z    monolito/dia-corrido         tem 3, faltam 2
2026-08-25T11:48:44.799Z    monolito/emergencia          tem 3, faltam 2
2026-08-25T11:48:44.800Z    microsservicos/normal        tem 3, faltam 2
2026-08-25T11:48:44.801Z    microsservicos/dia-corrido   tem 4, faltam 1
2026-08-25T11:48:44.802Z    microsservicos/emergencia    tem 2, faltam 3
2026-08-25T11:48:44.803Z  11 rodadas pendentes — estimativa ~46 min (~0.8h)
2026-08-25T11:48:44.803Z  ordem sorteada: MS3 MONO1 MS3 MONO2 MS3 MONO3 MONO2 MS1 MS2 MONO3 MS1
2026-08-25T11:48:44.804Z  --dry-run: parando aqui, nada foi executado.
2026-08-25T11:48:50.360Z  === campanha: 5 repeticoes por celula, semente 42 ===
2026-08-25T11:48:50.363Z    monolito/normal              tem 4, faltam 1
2026-08-25T11:48:50.364Z    monolito/dia-corrido         tem 3, faltam 2
2026-08-25T11:48:50.365Z    monolito/emergencia          tem 3, faltam 2
2026-08-25T11:48:50.366Z    microsservicos/normal        tem 3, faltam 2
2026-08-25T11:48:50.366Z    microsservicos/dia-corrido   tem 4, faltam 1
2026-08-25T11:48:50.367Z    microsservicos/emergencia    tem 2, faltam 3
2026-08-25T11:48:50.368Z  11 rodadas pendentes — estimativa ~46 min (~0.8h)
2026-08-25T11:48:50.375Z  ordem sorteada: MS3 MONO1 MS3 MONO2 MS3 MONO3 MONO2 MS1 MS2 MONO3 MS1
2026-08-25T11:48:50.376Z  [1/11] microsservicos/emergencia — iniciando (reset + k6)
2026-08-25T11:48:53.007Z  [1/11] microsservicos/emergencia — banco zerado (2 -> 0 linhas)
2026-08-25T11:52:28.554Z  [1/11] microsservicos/emergencia — OK  exit=99  samples=6406  avg=6149.78ms  p95=24615.87ms  rps=30.39
2026-08-25T11:52:38.567Z  [2/11] monolito/normal — iniciando (reset + k6)
2026-08-25T11:52:40.622Z  [2/11] monolito/normal — banco zerado (0 -> 0 linhas)
2026-08-25T11:55:51.113Z  [2/11] monolito/normal — OK  exit=99  samples=5888  avg=327.05ms  p95=1556.83ms  rps=31.85
2026-08-25T11:56:01.128Z  [3/11] microsservicos/emergencia — iniciando (reset + k6)
2026-08-25T11:56:03.900Z  [3/11] microsservicos/emergencia — banco zerado (5231 -> 0 linhas)
2026-08-25T11:59:39.420Z  [3/11] microsservicos/emergencia — OK  exit=99  samples=6479  avg=6063.91ms  p95=23337ms  rps=30.79
2026-08-25T11:59:49.433Z  [4/11] monolito/dia-corrido — iniciando (reset + k6)
2026-08-25T11:59:51.512Z  [4/11] monolito/dia-corrido — banco zerado (6045 -> 0 linhas)
2026-08-25T12:03:06.932Z  [4/11] monolito/dia-corrido — OK  exit=99  samples=7853  avg=2088.94ms  p95=8994.3ms  rps=40.82
2026-08-25T12:03:16.936Z  [5/11] microsservicos/emergencia — iniciando (reset + k6)
2026-08-25T12:03:19.082Z  [5/11] microsservicos/emergencia — banco zerado (5299 -> 0 linhas)
2026-08-25T12:06:54.615Z  [5/11] microsservicos/emergencia — OK  exit=99  samples=6094  avg=6501.26ms  p95=25133.9ms  rps=28.84
2026-08-25T12:07:04.620Z  [6/11] monolito/emergencia — iniciando (reset + k6)
2026-08-25T12:07:07.096Z  [6/11] monolito/emergencia — banco zerado (8014 -> 0 linhas)
2026-08-25T12:10:32.536Z  [6/11] monolito/emergencia — OK  exit=99  samples=7708  avg=4937.56ms  p95=21954.09ms  rps=38
2026-08-25T12:10:42.553Z  [7/11] monolito/dia-corrido — iniciando (reset + k6)
2026-08-25T12:10:44.533Z  [7/11] monolito/dia-corrido — banco zerado (7871 -> 0 linhas)
2026-08-25T12:14:00.011Z  [7/11] monolito/dia-corrido — OK  exit=99  samples=7848  avg=2092.4ms  p95=8807.29ms  rps=40.61
2026-08-25T12:14:10.022Z  [8/11] microsservicos/normal — iniciando (reset + k6)
2026-08-25T12:14:12.005Z  [8/11] microsservicos/normal — banco zerado (4985 -> 0 linhas)
2026-08-25T12:17:22.429Z  [8/11] microsservicos/normal — OK  exit=99  samples=5288  avg=478.51ms  p95=2455.2ms  rps=28.48
2026-08-25T12:17:32.431Z  [9/11] microsservicos/dia-corrido — iniciando (reset + k6)
2026-08-25T12:17:34.419Z  [9/11] microsservicos/dia-corrido — banco zerado (4406 -> 0 linhas)
2026-08-25T12:21:04.853Z  [9/11] microsservicos/dia-corrido — OK  exit=99  samples=6563  avg=2808.36ms  p95=11592.87ms  rps=32.28
2026-08-25T12:21:14.856Z  [10/11] monolito/emergencia — iniciando (reset + k6)
2026-08-25T12:21:17.406Z  [10/11] monolito/emergencia — banco zerado (8030 -> 0 linhas)
2026-08-25T12:24:47.879Z  [10/11] monolito/emergencia — OK  exit=99  samples=8570  avg=4380.24ms  p95=18833.16ms  rps=41.73
2026-08-25T12:24:57.891Z  [11/11] microsservicos/normal — iniciando (reset + k6)
2026-08-25T12:24:59.866Z  [11/11] microsservicos/normal — banco zerado (5378 -> 0 linhas)
2026-08-25T12:28:10.239Z  [11/11] microsservicos/normal — OK  exit=99  samples=5193  avg=503.18ms  p95=2688.59ms  rps=27.89
2026-08-25T12:28:10.239Z  === fim: 11 rodadas guardadas, 0 descartadas ===
2026-08-25T12:28:10.253Z    monolito/normal              5/5
2026-08-25T12:28:10.254Z    monolito/dia-corrido         5/5
2026-08-25T12:28:10.254Z    monolito/emergencia          5/5
2026-08-25T12:28:10.255Z    microsservicos/normal        5/5
2026-08-25T12:28:10.255Z    microsservicos/dia-corrido   5/5
2026-08-25T12:28:10.256Z    microsservicos/emergencia    5/5
